../Core/Src/main.c:146:5:main	40	static
../Core/Src/main.c:277:6:SystemClock_Config	80	static
../Core/Src/main.c:321:13:MX_I2C1_Init	8	static
../Core/Src/main.c:353:13:MX_USART2_UART_Init	8	static
../Core/Src/main.c:384:13:MX_GPIO_Init	40	static
../Core/Src/main.c:440:13:check_fall_detection	40	static
../Core/Src/main.c:471:13:trigger_fall_alert	8	static
../Core/Src/main.c:495:5:__io_putchar	24	static
../Core/Src/main.c:508:6:HAL_GPIO_EXTI_Callback	16	static
../Core/Src/main.c:527:16:platform_write	40	static
../Core/Src/main.c:544:16:platform_read	40	static
../Core/Src/main.c:559:13:lsm6dso_initialize	8	static
../Core/Src/main.c:582:13:lsm6dso_initialize_basics	8	static
../Core/Src/main.c:611:13:lsm6dso_initialize_fifo	16	static
../Core/Src/main.c:645:13:lsm6dso_get_buffer_from_fifo	56	dynamic
../Core/Src/main.c:685:14:lsm6dso_convert_gyro_data_to_mdps	24	static
../Core/Src/main.c:723:14:lsm6dso_convert_accel_data_to_mg	24	static
../Core/Src/main.c:759:13:iks01a3_i2c_stuck_quirk	40	static
../Core/Src/main.c:792:6:Error_Handler	4	static,ignoring_inline_asm
