../Core/Src/main.c:147:5:main	40	static
../Core/Src/main.c:278:6:SystemClock_Config	80	static
../Core/Src/main.c:322:13:MX_I2C1_Init	8	static
../Core/Src/main.c:354:13:MX_USART2_UART_Init	8	static
../Core/Src/main.c:385:13:MX_GPIO_Init	40	static
../Core/Src/main.c:441:13:check_fall_detection	40	static
../Core/Src/main.c:472:13:trigger_fall_alert	8	static
../Core/Src/main.c:496:5:__io_putchar	24	static
../Core/Src/main.c:509:6:HAL_GPIO_EXTI_Callback	16	static
../Core/Src/main.c:528:16:platform_write	40	static
../Core/Src/main.c:545:16:platform_read	40	static
../Core/Src/main.c:560:13:lsm6dso_initialize	8	static
../Core/Src/main.c:583:13:lsm6dso_initialize_basics	8	static
../Core/Src/main.c:612:13:lsm6dso_initialize_fifo	16	static
../Core/Src/main.c:646:13:lsm6dso_get_buffer_from_fifo	56	dynamic
../Core/Src/main.c:686:14:lsm6dso_convert_gyro_data_to_mdps	24	static
../Core/Src/main.c:724:14:lsm6dso_convert_accel_data_to_mg	24	static
../Core/Src/main.c:760:13:iks01a3_i2c_stuck_quirk	40	static
../Core/Src/main.c:793:6:Error_Handler	4	static,ignoring_inline_asm
